Log started at 08/13/2026 17:40:02 (2026-08-13T09:40:02Z)
Resolved project argument C:\Users\Administrator\Desktop\Plughins\PBRTextureLabHost\PBRTextureLabHost.uproject to C:\Users\Administrator\Desktop\Plughins\PBRTextureLabHost\PBRTextureLabHost.uproject
No config file at C:\ProgramData\Unreal Engine\UnrealBuildTool\BuildConfiguration.xml
No config file at C:\Users\Administrator\AppData\Local\Unreal Engine\UnrealBuildTool\BuildConfiguration.xml
No config file at C:\Users\Administrator\Documents\Unreal Engine\UnrealBuildTool\BuildConfiguration.xml
Configuration will be read from:
  C:\Users\Administrator\AppData\Roaming\Unreal Engine\UnrealBuildTool\BuildConfiguration.xml
Reading configuration file from: C:\Users\Administrator\AppData\Roaming\Unreal Engine\UnrealBuildTool\BuildConfiguration.xml
Reading configuration file from: C:\Users\Administrator\Desktop\Plughins\PBRTextureLabHost\Saved\UnrealBuildTool\BuildConfiguration.xml
Reading configuration file from: C:\Users\Administrator\AppData\Local\UnrealEngine\Intermediate\Build\UnrealBuildTool.Env.BuildConfiguration.xml
Setting temp directory to 'C:\Users\Administrator\AppData\Local\Temp\UnrealBuildTool\eb6d2d82'
    Registering build platform: UnrealBuildTool.AndroidPlatformFactory
Android Installed SDK(s): MinVersion_Sdk=r27c, MaxVersion_Sdk=r29, CurrentVersion_Sdk=r27c, Version_AutoSdk=r27c, CurrentVersion_AutoSdk=
        Registering build platform: Android - buildable: True
    Registering build platform: UnrealBuildTool.IOSPlatformFactory
    Registering build platform: UnrealBuildTool.LinuxPlatformFactory
    Registering build platform: UnrealBuildTool.MacPlatformFactory
    Registering build platform: UnrealBuildTool.TVOSPlatformFactory
    Registering build platform: UnrealBuildTool.WindowsPlatformFactory
Found Windows 10 SDK root at C:\Program Files\Windows Kits\10 (1)
Found Windows 10 SDK root at C:\Program Files (x86)\Windows Kits\10 (2)
Found Windows 10 SDK version 10.0.22621.0 at C:\Program Files (x86)\Windows Kits\10
Found Universal CRT version 10.0.22621.0 at C:\Program Files (x86)\Windows Kits\10
Found Windows 10 SDK version 10.0.26100.0 at C:\Program Files (x86)\Windows Kits\10
Found Universal CRT version 10.0.26100.0 at C:\Program Files (x86)\Windows Kits\10
Win64 Installed SDK(s): MinVersion_Sdk=10.0.19041.0, MaxVersion_Sdk=10.9.99999.0, CurrentVersion_Sdk=10.0.22621.0, Version_AutoSdk=10.0.22621.0, CurrentVersion_AutoSdk=
        Registering build platform: Win64 - buildable: True
    Registering build platform: UnrealBuildTool.VisionOSPlatformFactory
Command line: "C:\Program Files\Epic Games\UE_5.8\Engine\Binaries\DotNET\UnrealBuildTool\UnrealBuildTool.dll" PBRTextureLabHostEditor Win64 Development -Project=C:\Users\Administrator\Desktop\Plughins\PBRTextureLabHost\PBRTextureLabHost.uproject -WaitMutex
Log file: C:\Users\Administrator\AppData\Local\UnrealBuildTool\Log.txt
Deleting old log file: C:\Users\Administrator\AppData\Local\UnrealBuildTool\Log-backup-2026.08.13-08.21.36.txt
Deleting old log file: C:\Users\Administrator\AppData\Local\UnrealBuildTool\Log-backup-2026.08.13-07.31.31.json

Determining max actions to execute in parallel (20 physical cores, 28 logical cores)
  Executing up to 20 processes, one per physical core
Using 'git status' to determine working set for adaptive non-unity build (C:\Users\Administrator\Desktop\Plughins).
Creating makefile for PBRTextureLabHostEditor (no existing makefile)
UbaStorageServer - Database loaded from C:\ProgramData\Epic\UnrealBuildAccelerator\cas\casdb (v32) in <1ms (contained 0 entries estimated to 0b)
UbaServer - Listening on 0.0.0.0:1345
Skipping C:\Program Files\Epic Games\UE_5.8\Engine\Intermediate\Build\BuildRules\UE5Rules.dll: File is installed
Skipping C:\Program Files\Epic Games\UE_5.8\Engine\Intermediate\Build\BuildRules\UE5ProgramRules.dll: File is installed
Compiling C:\Users\Administrator\AppData\Local\UnrealEngine\Intermediate\Build\BuildRules\MarketplaceRules.dll: Engine Version changed from 5.6.1 to 5.8.0
Compiling C:\Users\Administrator\Desktop\Plughins\PBRTextureLabHost\Intermediate\Build\BuildRules\PBRTextureLabHostModuleRules.dll: Assembly does not exist
Compiler: C:\Program Files\Microsoft Visual Studio\2022\Community\VC\Tools\MSVC\14.44.35207\bin\Hostx64\x64\cl.exe
Linker: C:\Program Files\Microsoft Visual Studio\2022\Community\VC\Tools\MSVC\14.44.35207\bin\Hostx64\x64\link.exe
Library Manager: C:\Program Files\Microsoft Visual Studio\2022\Community\VC\Tools\MSVC\14.44.35207\bin\Hostx64\x64\link.exe
Resource Compiler: C:\Program Files (x86)\Windows Kits\10\bin\10.0.22621.0\x64\rc.exe
Resource Converter: C:\Program Files\Microsoft Visual Studio\2022\Community\VC\Tools\MSVC\14.44.35207\bin\Hostx64\x64\cvtres.exe
Using EngineIncludeOrderVersion.Unreal5_8 for target PBRTextureLabHostEditor.Target.cs
Building UnrealEditor - PBRTextureLabHostEditor - Win64 - Development
VerseVMBytecodeGenerator.Generate, generating CPP headers in: 'C:\Program Files\Epic Games\UE_5.8\Engine\Intermediate\Build\Win64\UnrealEditor\Inc\CoreUObject\VerseVMBytecode'
	Writing out generated header file. Changed:False Path:'C:\Program Files\Epic Games\UE_5.8\Engine\Intermediate\Build\Win64\UnrealEditor\Inc\CoreUObject\VerseVMBytecode\VVMBytecodeOps.gen.h'
	Writing out generated header file. Changed:False Path:'C:\Program Files\Epic Games\UE_5.8\Engine\Intermediate\Build\Win64\UnrealEditor\Inc\CoreUObject\VerseVMBytecode\VVMBytecodesAndCaptures.gen.h'
	Writing out generated header file. Changed:False Path:'C:\Program Files\Epic Games\UE_5.8\Engine\Intermediate\Build\Win64\UnrealEditor\Inc\CoreUObject\VerseVMBytecode\VVMMakeCapturesFuncs.gen.h'
	Writing out generated header file. Changed:False Path:'C:\Program Files\Epic Games\UE_5.8\Engine\Intermediate\Build\Win64\UnrealEditor\Inc\CoreUObject\VerseVMBytecode\VVMCaptureSwitch.gen.h'
Found 5 shared PCH headers (listed in order of preference):
	UnrealEd
	Engine
	Slate
	CoreUObject
	Core
Parsing headers for PBRTextureLabHostEditor
  Running Internal UnrealHeaderTool C:\Users\Administrator\Desktop\Plughins\PBRTextureLabHost\PBRTextureLabHost.uproject C:\Users\Administrator\Desktop\Plughins\PBRTextureLabHost\Intermediate\Build\Win64\PBRTextureLabHostEditor\PBRTextureLabHostEditor.uhtmanifest -WarningsAsErrors -installed
UHT compiled-in object format Default
Step - Parse Headers
Reading engine version from file: C:\Program Files\Epic Games\UE_5.8\Engine\Source\Runtime\Launch\Resources\Version.h
Got engine version 5.8.0
Step - Populate symbol table
Step - Exports
       Exporter Stats skipped
       Exporter Json skipped
       Running exporter CodeGen
UHT processed PBRTextureLabHostEditor in 1.2042281 seconds (4 generated files written)
Checking for live coding mutex: Global\LiveCoding_C++Program Files+Epic Games+UE_5.8+Engine+Binaries+Win64+UnrealEditor.exe
Deleting outdated item: C:\Users\Administrator\Desktop\Plughins\PBRTextureLabHost\Plugins\PBRTextureLab\Binaries\Win64\UnrealEditor-PBRTextureLabEditor.pdb
Deleting outdated item: C:\Users\Administrator\Desktop\Plughins\PBRTextureLabHost\Binaries\Win64\UnrealEditor-PBRTextureLabHost.pdb
Building PBRTextureLabHostEditor...
===== Toolchain Information =====
Using ISPC compiler (C:\Program Files\Epic Games\UE_5.8\Engine\Source\ThirdParty\Intel\ISPC\bin\Windows\ispc.exe)
  Intel(r) Implicit SPMD Program Compiler (Intel(r) ISPC), 1.24.0 (build commit  @ 20250404, LLVM 18.1.2) 
Using Visual Studio 14.44.35228 toolchain (C:\Program Files\Microsoft Visual Studio\2022\Community\VC\Tools\MSVC\14.44.35207) and Windows 10.0.22621.0 SDK (C:\Program Files (x86)\Windows Kits\10).
[Adaptive Build] Excluded from PBRTextureLabEditor unity file: PBRTextureLabCommands.cpp, PBRTextureLabEditorModule.cpp, PBRTextureLabNomad.cpp, PBRTextureLabPipeline.cpp, PBRTextureLabPipelineTests.cpp, SPBRTextureLabNomad.cpp
=================================
Using Unreal Build Accelerator local executor to run 17 action(s)
  CPU 20 physical cores, 28 logical cores
  Memory 63.83 GB physical, 40.96 GB/83.37 GB committed
  UBA Storage capacity 40 GB
  UBA RootDir C:\ProgramData\Epic\UnrealBuildAccelerator
Cache bucket 3555462311 used. Action: Compile [x64] SharedPCH.UnrealEd.Project.ValApi.ValExpApi.Cpp20.cpp ()
Cache bucket 1405404428 used. Action: Compile [x64] PBRTextureLabHost.cpp ()
Cache bucket 416513229 used. Action: Link [x64] UnrealEditor-PBRTextureLabHost.lib ()
Cache bucket 2129408169 used. Action: Compile [x64] Module.PBRTextureLabEditor.cpp ()
Cache bucket 2611342960 used. Action: Compile Resource [x64] Default.rc2 ()
All processes queued
[1/17] Compile Resource [x64] Default.rc2
[2/17] Compile Resource [x64] Default.rc2
[3/17] Compile [x64] SharedPCH.UnrealEd.Project.ValApi.ValExpApi.Cpp20.cpp
[4/17] Compile [x64] PBRTextureLabHost.cpp
[5/17] Compile [x64] PBRTextureLabCommands.cpp
[6/17] Compile [x64] PBRTextureLabNomad.cpp
[7/17] Compile [x64] PerModuleInline.gen.cpp
[8/17] Compile [x64] PBRTextureLabPipeline.cpp
[9/17] Link [x64] UnrealEditor-PBRTextureLabHost.lib
  正在创建库 C:/Users/Administrator/Desktop/Plughins/PBRTextureLabHost/Intermediate/Build/Win64/x64/UnrealEditor/Development/PBRTextureLabHost/UnrealEditor-PBRTextureLabHost.lib 和对象 C:/Users/Administrator/Desktop/Plughins/PBRTextureLabHost/Intermediate/Build/Win64/x64/UnrealEditor/Development/PBRTextureLabHost/UnrealEditor-PBRTextureLabHost.exp
[10/17] Compile [x64] PBRTextureLabEditorModule.cpp
[11/17] Link [x64] UnrealEditor-PBRTextureLabHost.dll
[12/17] Compile [x64] PBRTextureLabPipelineTests.cpp
[13/17] Compile [x64] Module.PBRTextureLabEditor.cpp
[14/17] Compile [x64] SPBRTextureLabNomad.cpp
[15/17] Link [x64] UnrealEditor-PBRTextureLabEditor.lib
  正在创建库 C:/Users/Administrator/Desktop/Plughins/PBRTextureLabHost/Plugins/PBRTextureLab/Intermediate/Build/Win64/x64/UnrealEditor/Development/PBRTextureLabEditor/UnrealEditor-PBRTextureLabEditor.lib 和对象 C:/Users/Administrator/Desktop/Plughins/PBRTextureLabHost/Plugins/PBRTextureLab/Intermediate/Build/Win64/x64/UnrealEditor/Development/PBRTextureLabEditor/UnrealEditor-PBRTextureLabEditor.exp
[16/17] Link [x64] UnrealEditor-PBRTextureLabEditor.dll
[17/17] WriteMetadata PBRTextureLabHostEditor.target [NoUba]

Total time in Unreal Build Accelerator local executor: 33.84 seconds
Output binary: C:\Program Files\Epic Games\UE_5.8\Engine\Binaries\Win64\UnrealEditor.exe
UbaStorageServer - Database saved in <1ms (0 file entries, 0 cas entries. deleted 0 dropped cas files)
WriteFileIfChanged() wrote 0 changed files of 1 requested writes.

Timeline:
[  0.000]  +0.249 Main
   0.010          [  0.010]  +0.079 Apply XmlConfig
   0.092          [  0.092]  +0.046 AddTelemetry
   0.150          [  0.150]  +0.099 RegisterPlatforms
[  0.396]  +0.018 ParseCommandLine
[  0.457]  +0.020 EngineRulesPlugins
[  0.479]  +0.007 EngineRulesFetchDirs
[  0.493]  +0.006 EngineRulesAssembly
[  0.500]  +0.000 ProgramRulesAssembly
[  0.500]  +1.643 <unknown>
[  2.144]  +0.031 ProjectRulesAssembly
[  2.176]  +0.111 CreateTargetRules
[  2.329]  +0.002 CppDependencyCache
[  2.338]  +1.589 PBRTextureLabHostEditor Win64 Development
   2.338          [  0.000]  +0.407 <unknown>
   2.746          [  0.407]  +0.369 UHTModules
   3.208          [  0.869]  +0.150 UHTManifest
   3.358          [  1.020]  +1.207 UHT
   3.539             1.200          [  0.180]  +0.000 GitWait
   3.539             1.200          [  0.180]  +0.375 <unknown>
   3.915             1.576          [  0.556]  +0.000 WaitOnWrites
   3.928             1.589          [  0.569]  +0.136 SavingMakefile
   4.064             1.725          [  0.705]  +0.501 <unknown>
[  3.927]  +0.639 <unknown>
[  4.567]  +0.014 UHTTimestamps
[  4.583]  +0.000 CppDependencyCache
[  4.584]  +0.059 Preparing ActionGraph
   4.602          [  0.018]  +0.005 LinkActions
   4.608             0.024          [  0.005]  +0.000 DetectActionGraphCycles
   4.609          [  0.025]  +0.000 GatherPrerequisiteActions
   4.611          [  0.026]  +0.000 CppDependencyCacheWait
   4.611          [  0.027]  +0.018 GatherOutdatedActions
   4.633          [  0.049]  +0.003 LinkActions
   4.633             0.049          [  0.000]  +0.000 DetectActionGraphCycles
   4.637          [  0.053]  +0.001 DeleteOutdatedProducedItems
   4.638          [  0.054]  +0.003 SaveActionHistory
   4.643          [  0.059]  +0.000 CreateDirectoriesForProducedItems
[  4.654]  +0.305 GarbageCollect
[  4.960] +33.535 <unknown>
[ 38.495]  +0.000 Deploying targets
[ 38.496]  +0.000 DisconnectCache
[ 38.499]  +0.020 SaveCasTable
[ 38.522]  +0.049 Saving caches
[ 38.571]  +0.001 TelemetryService.FlushEvents
[ 38.574]

Result: Succeeded
Total execution time: 38.57 seconds
