Log started at 08/13/2026 15:52:02 (2026-08-13T07:52:02Z)
Resolved project argument C:\Users\Administrator\Desktop\Plughins\PBRTextureLabHost\PBRTextureLabHost.uproject to C:\Users\Administrator\Desktop\Plughins\PBRTextureLabHost\PBRTextureLabHost.uproject
No config file at C:\ProgramData\Unreal Engine\UnrealBuildTool\BuildConfiguration.xml
No config file at C:\Users\Administrator\AppData\Local\Unreal Engine\UnrealBuildTool\BuildConfiguration.xml
No config file at C:\Users\Administrator\Documents\Unreal Engine\UnrealBuildTool\BuildConfiguration.xml
Configuration will be read from:
  C:\Users\Administrator\AppData\Roaming\Unreal Engine\UnrealBuildTool\BuildConfiguration.xml
Reading configuration file from cache (C:\Users\Administrator\Desktop\Plughins\PBRTextureLabHost\Intermediate\Build\XmlConfigCache.bin): C:\Users\Administrator\AppData\Roaming\Unreal Engine\UnrealBuildTool\BuildConfiguration.xml
Reading configuration file from cache (C:\Users\Administrator\Desktop\Plughins\PBRTextureLabHost\Intermediate\Build\XmlConfigCache.bin): C:\Users\Administrator\Desktop\Plughins\PBRTextureLabHost\Saved\UnrealBuildTool\BuildConfiguration.xml
Reading configuration file from cache (C:\Users\Administrator\Desktop\Plughins\PBRTextureLabHost\Intermediate\Build\XmlConfigCache.bin): C:\Users\Administrator\AppData\Local\UnrealEngine\Intermediate\Build\UnrealBuildTool.Env.BuildConfiguration.xml
Setting temp directory to 'C:\Users\Administrator\AppData\Local\Temp\UnrealBuildTool\eb6d2d82'
    Registering build platform: UnrealBuildTool.AndroidPlatformFactory
Android Installed SDK(s): MinVersion_Sdk=r27c, MaxVersion_Sdk=r29, CurrentVersion_Sdk=r27c, Version_AutoSdk=r27c, CurrentVersion_AutoSdk=
        Registering build platform: Android - buildable: True
    Registering build platform: UnrealBuildTool.IOSPlatformFactory
    Registering build platform: UnrealBuildTool.LinuxPlatformFactory
    Registering build platform: UnrealBuildTool.MacPlatformFactory
    Registering build platform: UnrealBuildTool.TVOSPlatformFactory
    Registering build platform: UnrealBuildTool.WindowsPlatformFactory
Found Windows 10 SDK root at C:\Program Files\Windows Kits\10 (1)
Found Windows 10 SDK root at C:\Program Files (x86)\Windows Kits\10 (2)
Found Windows 10 SDK version 10.0.22621.0 at C:\Program Files (x86)\Windows Kits\10
Found Universal CRT version 10.0.22621.0 at C:\Program Files (x86)\Windows Kits\10
Found Windows 10 SDK version 10.0.26100.0 at C:\Program Files (x86)\Windows Kits\10
Found Universal CRT version 10.0.26100.0 at C:\Program Files (x86)\Windows Kits\10
Win64 Installed SDK(s): MinVersion_Sdk=10.0.19041.0, MaxVersion_Sdk=10.9.99999.0, CurrentVersion_Sdk=10.0.22621.0, Version_AutoSdk=10.0.22621.0, CurrentVersion_AutoSdk=
        Registering build platform: Win64 - buildable: True
    Registering build platform: UnrealBuildTool.VisionOSPlatformFactory
Command line: "C:\Program Files\Epic Games\UE_5.8\Engine\Binaries\DotNET\UnrealBuildTool\UnrealBuildTool.dll" PBRTextureLabHostEditor Win64 Development -Project=C:\Users\Administrator\Desktop\Plughins\PBRTextureLabHost\PBRTextureLabHost.uproject -WaitMutex
Log file: C:\Users\Administrator\AppData\Local\UnrealBuildTool\Log.txt
Deleting old log file: C:\Users\Administrator\AppData\Local\UnrealBuildTool\Log-backup-2026.08.13-07.25.45.txt
Deleting old log file: C:\Users\Administrator\AppData\Local\UnrealBuildTool\Log-backup-2026.08.11-09.45.46.json

Determining max actions to execute in parallel (20 physical cores, 28 logical cores)
  Executing up to 20 processes, one per physical core
Using 'git status' to determine working set for adaptive non-unity build (C:\Users\Administrator\Desktop\Plughins).
Creating makefile for PBRTextureLabHostEditor (makefile version does not match)
UbaStorageServer - Database loaded from C:\ProgramData\Epic\UnrealBuildAccelerator\cas\casdb (v32) in <1ms (contained 0 entries estimated to 0b)
UbaServer - Listening on 0.0.0.0:1345
Skipping C:\Program Files\Epic Games\UE_5.8\Engine\Intermediate\Build\BuildRules\UE5Rules.dll: File is installed
Skipping C:\Program Files\Epic Games\UE_5.8\Engine\Intermediate\Build\BuildRules\UE5ProgramRules.dll: File is installed
Compiling C:\Users\Administrator\AppData\Local\UnrealEngine\Intermediate\Build\BuildRules\MarketplaceRules.dll: Engine Version changed from 5.6.1 to 5.8.0
Compiling C:\Users\Administrator\Desktop\Plughins\PBRTextureLabHost\Intermediate\Build\BuildRules\PBRTextureLabHostModuleRules.dll: Engine Version changed from 5.6.1 to 5.8.0
Compiler: C:\Program Files\Microsoft Visual Studio\2022\Community\VC\Tools\MSVC\14.44.35207\bin\Hostx64\x64\cl.exe
Linker: C:\Program Files\Microsoft Visual Studio\2022\Community\VC\Tools\MSVC\14.44.35207\bin\Hostx64\x64\link.exe
Library Manager: C:\Program Files\Microsoft Visual Studio\2022\Community\VC\Tools\MSVC\14.44.35207\bin\Hostx64\x64\link.exe
Resource Compiler: C:\Program Files (x86)\Windows Kits\10\bin\10.0.22621.0\x64\rc.exe
Resource Converter: C:\Program Files\Microsoft Visual Studio\2022\Community\VC\Tools\MSVC\14.44.35207\bin\Hostx64\x64\cvtres.exe
Using EngineIncludeOrderVersion.Unreal5_8 for target PBRTextureLabHostEditor.Target.cs
Building UnrealEditor - PBRTextureLabHostEditor - Win64 - Development
VerseVMBytecodeGenerator.Generate, generating CPP headers in: 'C:\Program Files\Epic Games\UE_5.8\Engine\Intermediate\Build\Win64\UnrealEditor\Inc\CoreUObject\VerseVMBytecode'
	Writing out generated header file. Changed:False Path:'C:\Program Files\Epic Games\UE_5.8\Engine\Intermediate\Build\Win64\UnrealEditor\Inc\CoreUObject\VerseVMBytecode\VVMBytecodeOps.gen.h'
	Writing out generated header file. Changed:False Path:'C:\Program Files\Epic Games\UE_5.8\Engine\Intermediate\Build\Win64\UnrealEditor\Inc\CoreUObject\VerseVMBytecode\VVMBytecodesAndCaptures.gen.h'
	Writing out generated header file. Changed:False Path:'C:\Program Files\Epic Games\UE_5.8\Engine\Intermediate\Build\Win64\UnrealEditor\Inc\CoreUObject\VerseVMBytecode\VVMMakeCapturesFuncs.gen.h'
	Writing out generated header file. Changed:False Path:'C:\Program Files\Epic Games\UE_5.8\Engine\Intermediate\Build\Win64\UnrealEditor\Inc\CoreUObject\VerseVMBytecode\VVMCaptureSwitch.gen.h'
Generated code is up to date.
Found 5 shared PCH headers (listed in order of preference):
	UnrealEd
	Engine
	Slate
	CoreUObject
	Core
Updating C:\Users\Administrator\Desktop\Plughins\PBRTextureLabHost\Intermediate\Build\Win64\x64\PBRTextureLabHostEditor\Development\Core\SharedDefinitions.Core.Cpp20.h: contents have changed. Saving previous version to C:\Users\Administrator\Desktop\Plughins\PBRTextureLabHost\Intermediate\Build\Win64\x64\PBRTextureLabHostEditor\Development\Core\SharedDefinitions.Core.Cpp20.h.old.
Updating C:\Users\Administrator\Desktop\Plughins\PBRTextureLabHost\Intermediate\Build\Win64\x64\PBRTextureLabHostEditor\Development\Core\SharedPCH.Core.Cpp20.h: contents have changed. Saving previous version to C:\Users\Administrator\Desktop\Plughins\PBRTextureLabHost\Intermediate\Build\Win64\x64\PBRTextureLabHostEditor\Development\Core\SharedPCH.Core.Cpp20.h.old.
Updating C:\Users\Administrator\Desktop\Plughins\PBRTextureLabHost\Intermediate\Build\Win64\x64\PBRTextureLabHostEditor\Development\Core\SharedPCH.Core.Cpp20.cpp: contents have changed. Saving previous version to C:\Users\Administrator\Desktop\Plughins\PBRTextureLabHost\Intermediate\Build\Win64\x64\PBRTextureLabHostEditor\Development\Core\SharedPCH.Core.Cpp20.cpp.old.
Updating C:\Users\Administrator\Desktop\Plughins\PBRTextureLabHost\Intermediate\Build\Win64\x64\PBRTextureLabHostEditor\Development\Core\SharedPCH.Core.Cpp20.h.obj.rsp: contents have changed. Saving previous version to C:\Users\Administrator\Desktop\Plughins\PBRTextureLabHost\Intermediate\Build\Win64\x64\PBRTextureLabHostEditor\Development\Core\SharedPCH.Core.Cpp20.h.obj.rsp.old.
Updating C:\Users\Administrator\Desktop\Plughins\PBRTextureLabHost\Intermediate\Build\Win64\x64\PBRTextureLabHostEditor\Development\CoreUObject\SharedDefinitions.CoreUObject.Cpp20.h: contents have changed. Saving previous version to C:\Users\Administrator\Desktop\Plughins\PBRTextureLabHost\Intermediate\Build\Win64\x64\PBRTextureLabHostEditor\Development\CoreUObject\SharedDefinitions.CoreUObject.Cpp20.h.old.
Updating C:\Users\Administrator\Desktop\Plughins\PBRTextureLabHost\Intermediate\Build\Win64\x64\PBRTextureLabHostEditor\Development\CoreUObject\SharedPCH.CoreUObject.Cpp20.h: contents have changed. Saving previous version to C:\Users\Administrator\Desktop\Plughins\PBRTextureLabHost\Intermediate\Build\Win64\x64\PBRTextureLabHostEditor\Development\CoreUObject\SharedPCH.CoreUObject.Cpp20.h.old.
Updating C:\Users\Administrator\Desktop\Plughins\PBRTextureLabHost\Intermediate\Build\Win64\x64\PBRTextureLabHostEditor\Development\CoreUObject\SharedPCH.CoreUObject.Cpp20.cpp: contents have changed. Saving previous version to C:\Users\Administrator\Desktop\Plughins\PBRTextureLabHost\Intermediate\Build\Win64\x64\PBRTextureLabHostEditor\Development\CoreUObject\SharedPCH.CoreUObject.Cpp20.cpp.old.
Updating C:\Users\Administrator\Desktop\Plughins\PBRTextureLabHost\Intermediate\Build\Win64\x64\PBRTextureLabHostEditor\Development\CoreUObject\SharedPCH.CoreUObject.Cpp20.h.obj.rsp: contents have changed. Saving previous version to C:\Users\Administrator\Desktop\Plughins\PBRTextureLabHost\Intermediate\Build\Win64\x64\PBRTextureLabHostEditor\Development\CoreUObject\SharedPCH.CoreUObject.Cpp20.h.obj.rsp.old.
Updating C:\Users\Administrator\Desktop\Plughins\PBRTextureLabHost\Intermediate\Build\Win64\x64\PBRTextureLabHostEditor\Development\CoreUObject\SharedDefinitions.CoreUObject.RTTI.Cpp20.h: contents have changed. Saving previous version to C:\Users\Administrator\Desktop\Plughins\PBRTextureLabHost\Intermediate\Build\Win64\x64\PBRTextureLabHostEditor\Development\CoreUObject\SharedDefinitions.CoreUObject.RTTI.Cpp20.h.old.
Updating C:\Users\Administrator\Desktop\Plughins\PBRTextureLabHost\Intermediate\Build\Win64\x64\PBRTextureLabHostEditor\Development\CoreUObject\SharedPCH.CoreUObject.RTTI.Cpp20.h: contents have changed. Saving previous version to C:\Users\Administrator\Desktop\Plughins\PBRTextureLabHost\Intermediate\Build\Win64\x64\PBRTextureLabHostEditor\Development\CoreUObject\SharedPCH.CoreUObject.RTTI.Cpp20.h.old.
Updating C:\Users\Administrator\Desktop\Plughins\PBRTextureLabHost\Intermediate\Build\Win64\x64\PBRTextureLabHostEditor\Development\CoreUObject\SharedPCH.CoreUObject.RTTI.Cpp20.cpp: contents have changed. Saving previous version to C:\Users\Administrator\Desktop\Plughins\PBRTextureLabHost\Intermediate\Build\Win64\x64\PBRTextureLabHostEditor\Development\CoreUObject\SharedPCH.CoreUObject.RTTI.Cpp20.cpp.old.
Updating C:\Users\Administrator\Desktop\Plughins\PBRTextureLabHost\Intermediate\Build\Win64\x64\PBRTextureLabHostEditor\Development\CoreUObject\SharedPCH.CoreUObject.RTTI.Cpp20.h.obj.rsp: contents have changed. Saving previous version to C:\Users\Administrator\Desktop\Plughins\PBRTextureLabHost\Intermediate\Build\Win64\x64\PBRTextureLabHostEditor\Development\CoreUObject\SharedPCH.CoreUObject.RTTI.Cpp20.h.obj.rsp.old.
Updating C:\Users\Administrator\Desktop\Plughins\PBRTextureLabHost\Intermediate\Build\Win64\x64\PBRTextureLabHostEditor\Development\Slate\SharedDefinitions.Slate.Cpp20.h: contents have changed. Saving previous version to C:\Users\Administrator\Desktop\Plughins\PBRTextureLabHost\Intermediate\Build\Win64\x64\PBRTextureLabHostEditor\Development\Slate\SharedDefinitions.Slate.Cpp20.h.old.
Updating C:\Users\Administrator\Desktop\Plughins\PBRTextureLabHost\Intermediate\Build\Win64\x64\PBRTextureLabHostEditor\Development\Slate\SharedPCH.Slate.Cpp20.h: contents have changed. Saving previous version to C:\Users\Administrator\Desktop\Plughins\PBRTextureLabHost\Intermediate\Build\Win64\x64\PBRTextureLabHostEditor\Development\Slate\SharedPCH.Slate.Cpp20.h.old.
Updating C:\Users\Administrator\Desktop\Plughins\PBRTextureLabHost\Intermediate\Build\Win64\x64\PBRTextureLabHostEditor\Development\Slate\SharedPCH.Slate.Cpp20.cpp: contents have changed. Saving previous version to C:\Users\Administrator\Desktop\Plughins\PBRTextureLabHost\Intermediate\Build\Win64\x64\PBRTextureLabHostEditor\Development\Slate\SharedPCH.Slate.Cpp20.cpp.old.
Updating C:\Users\Administrator\Desktop\Plughins\PBRTextureLabHost\Intermediate\Build\Win64\x64\PBRTextureLabHostEditor\Development\Slate\SharedPCH.Slate.Cpp20.h.obj.rsp: contents have changed. Saving previous version to C:\Users\Administrator\Desktop\Plughins\PBRTextureLabHost\Intermediate\Build\Win64\x64\PBRTextureLabHostEditor\Development\Slate\SharedPCH.Slate.Cpp20.h.obj.rsp.old.
Updating C:\Users\Administrator\Desktop\Plughins\PBRTextureLabHost\Intermediate\Build\Win64\x64\PBRTextureLabHostEditor\Development\Engine\SharedDefinitions.Engine.Cpp20.h: contents have changed. Saving previous version to C:\Users\Administrator\Desktop\Plughins\PBRTextureLabHost\Intermediate\Build\Win64\x64\PBRTextureLabHostEditor\Development\Engine\SharedDefinitions.Engine.Cpp20.h.old.
Updating C:\Users\Administrator\Desktop\Plughins\PBRTextureLabHost\Intermediate\Build\Win64\x64\PBRTextureLabHostEditor\Development\Engine\SharedPCH.Engine.Cpp20.h: contents have changed. Saving previous version to C:\Users\Administrator\Desktop\Plughins\PBRTextureLabHost\Intermediate\Build\Win64\x64\PBRTextureLabHostEditor\Development\Engine\SharedPCH.Engine.Cpp20.h.old.
Updating C:\Users\Administrator\Desktop\Plughins\PBRTextureLabHost\Intermediate\Build\Win64\x64\PBRTextureLabHostEditor\Development\Engine\SharedPCH.Engine.Cpp20.cpp: contents have changed. Saving previous version to C:\Users\Administrator\Desktop\Plughins\PBRTextureLabHost\Intermediate\Build\Win64\x64\PBRTextureLabHostEditor\Development\Engine\SharedPCH.Engine.Cpp20.cpp.old.
Updating C:\Users\Administrator\Desktop\Plughins\PBRTextureLabHost\Intermediate\Build\Win64\x64\PBRTextureLabHostEditor\Development\Engine\SharedPCH.Engine.Cpp20.h.obj.rsp: contents have changed. Saving previous version to C:\Users\Administrator\Desktop\Plughins\PBRTextureLabHost\Intermediate\Build\Win64\x64\PBRTextureLabHostEditor\Development\Engine\SharedPCH.Engine.Cpp20.h.obj.rsp.old.
Updating C:\Users\Administrator\Desktop\Plughins\PBRTextureLabHost\Intermediate\Build\Win64\x64\PBRTextureLabHostEditor\Development\Engine\SharedDefinitions.Engine.Project.ValApi.ValExpApi.Cpp20.h: contents have changed. Saving previous version to C:\Users\Administrator\Desktop\Plughins\PBRTextureLabHost\Intermediate\Build\Win64\x64\PBRTextureLabHostEditor\Development\Engine\SharedDefinitions.Engine.Project.ValApi.ValExpApi.Cpp20.h.old.
Updating C:\Users\Administrator\Desktop\Plughins\PBRTextureLabHost\Intermediate\Build\Win64\x64\PBRTextureLabHostEditor\Development\Engine\SharedPCH.Engine.Project.ValApi.ValExpApi.Cpp20.h: contents have changed. Saving previous version to C:\Users\Administrator\Desktop\Plughins\PBRTextureLabHost\Intermediate\Build\Win64\x64\PBRTextureLabHostEditor\Development\Engine\SharedPCH.Engine.Project.ValApi.ValExpApi.Cpp20.h.old.
Updating C:\Users\Administrator\Desktop\Plughins\PBRTextureLabHost\Intermediate\Build\Win64\x64\PBRTextureLabHostEditor\Development\Engine\SharedPCH.Engine.Project.ValApi.ValExpApi.Cpp20.cpp: contents have changed. Saving previous version to C:\Users\Administrator\Desktop\Plughins\PBRTextureLabHost\Intermediate\Build\Win64\x64\PBRTextureLabHostEditor\Development\Engine\SharedPCH.Engine.Project.ValApi.ValExpApi.Cpp20.cpp.old.
Updating C:\Users\Administrator\Desktop\Plughins\PBRTextureLabHost\Intermediate\Build\Win64\x64\PBRTextureLabHostEditor\Development\Engine\SharedPCH.Engine.Project.ValApi.ValExpApi.Cpp20.h.obj.rsp: contents have changed. Saving previous version to C:\Users\Administrator\Desktop\Plughins\PBRTextureLabHost\Intermediate\Build\Win64\x64\PBRTextureLabHostEditor\Development\Engine\SharedPCH.Engine.Project.ValApi.ValExpApi.Cpp20.h.obj.rsp.old.
Updating C:\Users\Administrator\Desktop\Plughins\PBRTextureLabHost\Intermediate\Build\Win64\x64\PBRTextureLabHostEditor\Development\UnrealEd\SharedDefinitions.UnrealEd.Cpp20.h: contents have changed. Saving previous version to C:\Users\Administrator\Desktop\Plughins\PBRTextureLabHost\Intermediate\Build\Win64\x64\PBRTextureLabHostEditor\Development\UnrealEd\SharedDefinitions.UnrealEd.Cpp20.h.old.
Updating C:\Users\Administrator\Desktop\Plughins\PBRTextureLabHost\Intermediate\Build\Win64\x64\PBRTextureLabHostEditor\Development\UnrealEd\SharedPCH.UnrealEd.Cpp20.h: contents have changed. Saving previous version to C:\Users\Administrator\Desktop\Plughins\PBRTextureLabHost\Intermediate\Build\Win64\x64\PBRTextureLabHostEditor\Development\UnrealEd\SharedPCH.UnrealEd.Cpp20.h.old.
Updating C:\Users\Administrator\Desktop\Plughins\PBRTextureLabHost\Intermediate\Build\Win64\x64\PBRTextureLabHostEditor\Development\UnrealEd\SharedPCH.UnrealEd.Cpp20.cpp: contents have changed. Saving previous version to C:\Users\Administrator\Desktop\Plughins\PBRTextureLabHost\Intermediate\Build\Win64\x64\PBRTextureLabHostEditor\Development\UnrealEd\SharedPCH.UnrealEd.Cpp20.cpp.old.
Updating C:\Users\Administrator\Desktop\Plughins\PBRTextureLabHost\Intermediate\Build\Win64\x64\PBRTextureLabHostEditor\Development\UnrealEd\SharedPCH.UnrealEd.Cpp20.h.obj.rsp: contents have changed. Saving previous version to C:\Users\Administrator\Desktop\Plughins\PBRTextureLabHost\Intermediate\Build\Win64\x64\PBRTextureLabHostEditor\Development\UnrealEd\SharedPCH.UnrealEd.Cpp20.h.obj.rsp.old.
Updating C:\Users\Administrator\Desktop\Plughins\PBRTextureLabHost\Intermediate\Build\Win64\x64\PBRTextureLabHostEditor\Development\UnrealEd\SharedDefinitions.UnrealEd.RTTI.Cpp20.h: contents have changed. Saving previous version to C:\Users\Administrator\Desktop\Plughins\PBRTextureLabHost\Intermediate\Build\Win64\x64\PBRTextureLabHostEditor\Development\UnrealEd\SharedDefinitions.UnrealEd.RTTI.Cpp20.h.old.
Updating C:\Users\Administrator\Desktop\Plughins\PBRTextureLabHost\Intermediate\Build\Win64\x64\PBRTextureLabHostEditor\Development\UnrealEd\SharedPCH.UnrealEd.RTTI.Cpp20.h: contents have changed. Saving previous version to C:\Users\Administrator\Desktop\Plughins\PBRTextureLabHost\Intermediate\Build\Win64\x64\PBRTextureLabHostEditor\Development\UnrealEd\SharedPCH.UnrealEd.RTTI.Cpp20.h.old.
Updating C:\Users\Administrator\Desktop\Plughins\PBRTextureLabHost\Intermediate\Build\Win64\x64\PBRTextureLabHostEditor\Development\UnrealEd\SharedPCH.UnrealEd.RTTI.Cpp20.cpp: contents have changed. Saving previous version to C:\Users\Administrator\Desktop\Plughins\PBRTextureLabHost\Intermediate\Build\Win64\x64\PBRTextureLabHostEditor\Development\UnrealEd\SharedPCH.UnrealEd.RTTI.Cpp20.cpp.old.
Updating C:\Users\Administrator\Desktop\Plughins\PBRTextureLabHost\Intermediate\Build\Win64\x64\PBRTextureLabHostEditor\Development\UnrealEd\SharedPCH.UnrealEd.RTTI.Cpp20.h.obj.rsp: contents have changed. Saving previous version to C:\Users\Administrator\Desktop\Plughins\PBRTextureLabHost\Intermediate\Build\Win64\x64\PBRTextureLabHostEditor\Development\UnrealEd\SharedPCH.UnrealEd.RTTI.Cpp20.h.obj.rsp.old.
Updating C:\Users\Administrator\Desktop\Plughins\PBRTextureLabHost\Intermediate\Build\Win64\x64\PBRTextureLabHostEditor\Development\UnrealEd\SharedDefinitions.UnrealEd.Project.ValApi.ValExpApi.Cpp20.h: contents have changed. Saving previous version to C:\Users\Administrator\Desktop\Plughins\PBRTextureLabHost\Intermediate\Build\Win64\x64\PBRTextureLabHostEditor\Development\UnrealEd\SharedDefinitions.UnrealEd.Project.ValApi.ValExpApi.Cpp20.h.old.
Updating C:\Users\Administrator\Desktop\Plughins\PBRTextureLabHost\Intermediate\Build\Win64\x64\PBRTextureLabHostEditor\Development\UnrealEd\SharedPCH.UnrealEd.Project.ValApi.ValExpApi.Cpp20.h: contents have changed. Saving previous version to C:\Users\Administrator\Desktop\Plughins\PBRTextureLabHost\Intermediate\Build\Win64\x64\PBRTextureLabHostEditor\Development\UnrealEd\SharedPCH.UnrealEd.Project.ValApi.ValExpApi.Cpp20.h.old.
Updating C:\Users\Administrator\Desktop\Plughins\PBRTextureLabHost\Intermediate\Build\Win64\x64\PBRTextureLabHostEditor\Development\UnrealEd\SharedPCH.UnrealEd.Project.ValApi.ValExpApi.Cpp20.cpp: contents have changed. Saving previous version to C:\Users\Administrator\Desktop\Plughins\PBRTextureLabHost\Intermediate\Build\Win64\x64\PBRTextureLabHostEditor\Development\UnrealEd\SharedPCH.UnrealEd.Project.ValApi.ValExpApi.Cpp20.cpp.old.
Updating C:\Users\Administrator\Desktop\Plughins\PBRTextureLabHost\Intermediate\Build\Win64\x64\PBRTextureLabHostEditor\Development\UnrealEd\SharedPCH.UnrealEd.Project.ValApi.ValExpApi.Cpp20.h.obj.rsp: contents have changed. Saving previous version to C:\Users\Administrator\Desktop\Plughins\PBRTextureLabHost\Intermediate\Build\Win64\x64\PBRTextureLabHostEditor\Development\UnrealEd\SharedPCH.UnrealEd.Project.ValApi.ValExpApi.Cpp20.h.obj.rsp.old.
Updating C:\Users\Administrator\Desktop\Plughins\PBRTextureLabHost\Intermediate\Build\Win64\x64\UnrealEditor\Development\PBRTextureLabHost\Definitions.PBRTextureLabHost.h: contents have changed. Saving previous version to C:\Users\Administrator\Desktop\Plughins\PBRTextureLabHost\Intermediate\Build\Win64\x64\UnrealEditor\Development\PBRTextureLabHost\Definitions.PBRTextureLabHost.h.old.
Updating C:\Users\Administrator\Desktop\Plughins\PBRTextureLabHost\Plugins\PBRTextureLab\Intermediate\Build\Win64\x64\UnrealEditor\Development\PBRTextureLabEditor\Definitions.PBRTextureLabEditor.h: contents have changed. Saving previous version to C:\Users\Administrator\Desktop\Plughins\PBRTextureLabHost\Plugins\PBRTextureLab\Intermediate\Build\Win64\x64\UnrealEditor\Development\PBRTextureLabEditor\Definitions.PBRTextureLabEditor.h.old.
Updating C:\Users\Administrator\Desktop\Plughins\PBRTextureLabHost\Plugins\PBRTextureLab\Intermediate\Build\Win64\x64\UnrealEditor\Development\PBRTextureLabEditor\PBRTextureLabEditor.Shared.rsp: contents have changed. Saving previous version to C:\Users\Administrator\Desktop\Plughins\PBRTextureLabHost\Plugins\PBRTextureLab\Intermediate\Build\Win64\x64\UnrealEditor\Development\PBRTextureLabEditor\PBRTextureLabEditor.Shared.rsp.old.
Updating C:\Users\Administrator\Desktop\Plughins\PBRTextureLabHost\Intermediate\Build\Win64\x64\UnrealEditor\Development\PBRTextureLabHost\PBRTextureLabHost.Shared.rsp: contents have changed. Saving previous version to C:\Users\Administrator\Desktop\Plughins\PBRTextureLabHost\Intermediate\Build\Win64\x64\UnrealEditor\Development\PBRTextureLabHost\PBRTextureLabHost.Shared.rsp.old.
Updating C:\Users\Administrator\Desktop\Plughins\PBRTextureLabHost\Intermediate\Build\Win64\x64\UnrealEditor\Development\PBRTextureLabHost\PBRTextureLabHost.cpp.obj.rsp: contents have changed. Saving previous version to C:\Users\Administrator\Desktop\Plughins\PBRTextureLabHost\Intermediate\Build\Win64\x64\UnrealEditor\Development\PBRTextureLabHost\PBRTextureLabHost.cpp.obj.rsp.old.
Updating C:\Users\Administrator\Desktop\Plughins\PBRTextureLabHost\Intermediate\Build\Win64\x64\UnrealEditor\Development\PBRTextureLabHost\PerModuleInline.gen.cpp.obj.rsp: contents have changed. Saving previous version to C:\Users\Administrator\Desktop\Plughins\PBRTextureLabHost\Intermediate\Build\Win64\x64\UnrealEditor\Development\PBRTextureLabHost\PerModuleInline.gen.cpp.obj.rsp.old.
Updating C:\Users\Administrator\Desktop\Plughins\PBRTextureLabHost\Plugins\PBRTextureLab\Intermediate\Build\Win64\x64\UnrealEditor\Development\PBRTextureLabEditor\Module.PBRTextureLabEditor.cpp.obj.rsp: contents have changed. Saving previous version to C:\Users\Administrator\Desktop\Plughins\PBRTextureLabHost\Plugins\PBRTextureLab\Intermediate\Build\Win64\x64\UnrealEditor\Development\PBRTextureLabEditor\Module.PBRTextureLabEditor.cpp.obj.rsp.old.
Updating C:\Users\Administrator\Desktop\Plughins\PBRTextureLabHost\Plugins\PBRTextureLab\Intermediate\Build\Win64\x64\UnrealEditor\Development\PBRTextureLabEditor\PBRTextureLabMaterial.cpp.obj.rsp: contents have changed. Saving previous version to C:\Users\Administrator\Desktop\Plughins\PBRTextureLabHost\Plugins\PBRTextureLab\Intermediate\Build\Win64\x64\UnrealEditor\Development\PBRTextureLabEditor\PBRTextureLabMaterial.cpp.obj.rsp.old.
Updating C:\Users\Administrator\Desktop\Plughins\PBRTextureLabHost\Plugins\PBRTextureLab\Intermediate\Build\Win64\x64\UnrealEditor\Development\PBRTextureLabEditor\PBRTextureLabMaterialTests.cpp.obj.rsp: contents have changed. Saving previous version to C:\Users\Administrator\Desktop\Plughins\PBRTextureLabHost\Plugins\PBRTextureLab\Intermediate\Build\Win64\x64\UnrealEditor\Development\PBRTextureLabEditor\PBRTextureLabMaterialTests.cpp.obj.rsp.old.
Updating C:\Users\Administrator\Desktop\Plughins\PBRTextureLabHost\Plugins\PBRTextureLab\Intermediate\Build\Win64\x64\UnrealEditor\Development\PBRTextureLabEditor\PBRTextureLabPixelCoreTests.cpp.obj.rsp: contents have changed. Saving previous version to C:\Users\Administrator\Desktop\Plughins\PBRTextureLabHost\Plugins\PBRTextureLab\Intermediate\Build\Win64\x64\UnrealEditor\Development\PBRTextureLabEditor\PBRTextureLabPixelCoreTests.cpp.obj.rsp.old.
Updating C:\Users\Administrator\Desktop\Plughins\PBRTextureLabHost\Plugins\PBRTextureLab\Intermediate\Build\Win64\x64\UnrealEditor\Development\PBRTextureLabEditor\PBRTextureLabTextureImportTests.cpp.obj.rsp: contents have changed. Saving previous version to C:\Users\Administrator\Desktop\Plughins\PBRTextureLabHost\Plugins\PBRTextureLab\Intermediate\Build\Win64\x64\UnrealEditor\Development\PBRTextureLabEditor\PBRTextureLabTextureImportTests.cpp.obj.rsp.old.
Updating C:\Users\Administrator\Desktop\Plughins\PBRTextureLabHost\Plugins\PBRTextureLab\Intermediate\Build\Win64\x64\UnrealEditor\Development\PBRTextureLabEditor\Default.rc2.res.rsp: contents have changed. Saving previous version to C:\Users\Administrator\Desktop\Plughins\PBRTextureLabHost\Plugins\PBRTextureLab\Intermediate\Build\Win64\x64\UnrealEditor\Development\PBRTextureLabEditor\Default.rc2.res.rsp.old.
Updating C:\Users\Administrator\Desktop\Plughins\PBRTextureLabHost\Intermediate\Build\Win64\x64\UnrealEditor\Development\PBRTextureLabHost\Default.rc2.res.rsp: contents have changed. Saving previous version to C:\Users\Administrator\Desktop\Plughins\PBRTextureLabHost\Intermediate\Build\Win64\x64\UnrealEditor\Development\PBRTextureLabHost\Default.rc2.res.rsp.old.
Updating C:\Users\Administrator\Desktop\Plughins\PBRTextureLabHost\Intermediate\Build\Win64\x64\UnrealEditor\Development\PBRTextureLabHost\UnrealEditor-PBRTextureLabHost.lib.rsp: contents have changed. Saving previous version to C:\Users\Administrator\Desktop\Plughins\PBRTextureLabHost\Intermediate\Build\Win64\x64\UnrealEditor\Development\PBRTextureLabHost\UnrealEditor-PBRTextureLabHost.lib.rsp.old.
Updating C:\Users\Administrator\Desktop\Plughins\PBRTextureLabHost\Plugins\PBRTextureLab\Intermediate\Build\Win64\x64\UnrealEditor\Development\PBRTextureLabEditor\UnrealEditor-PBRTextureLabEditor.lib.rsp: contents have changed. Saving previous version to C:\Users\Administrator\Desktop\Plughins\PBRTextureLabHost\Plugins\PBRTextureLab\Intermediate\Build\Win64\x64\UnrealEditor\Development\PBRTextureLabEditor\UnrealEditor-PBRTextureLabEditor.lib.rsp.old.
Updating C:\Users\Administrator\Desktop\Plughins\PBRTextureLabHost\Plugins\PBRTextureLab\Intermediate\Build\Win64\x64\UnrealEditor\Development\PBRTextureLabEditor\UnrealEditor-PBRTextureLabEditor.dll.rsp: contents have changed. Saving previous version to C:\Users\Administrator\Desktop\Plughins\PBRTextureLabHost\Plugins\PBRTextureLab\Intermediate\Build\Win64\x64\UnrealEditor\Development\PBRTextureLabEditor\UnrealEditor-PBRTextureLabEditor.dll.rsp.old.
Unable to read dependency cache from C:\Users\Administrator\Desktop\Plughins\PBRTextureLabHost\Intermediate\Build\Win64\x64\PBRTextureLabHostEditor\Development\DependencyCache.bin; version 3 vs current 4
Checking for live coding mutex: Global\LiveCoding_C++Program Files+Epic Games+UE_5.8+Engine+Binaries+Win64+UnrealEditor.exe
Deleting outdated item: C:\Users\Administrator\Desktop\Plughins\PBRTextureLabHost\Intermediate\Build\Win64\x64\UnrealEditor\Development\PBRTextureLabHost\UnrealEditor-PBRTextureLabHost.lib
Deleting outdated item: C:\Users\Administrator\Desktop\Plughins\PBRTextureLabHost\Plugins\PBRTextureLab\Intermediate\Build\Win64\x64\UnrealEditor\Development\PBRTextureLabEditor\UnrealEditor-PBRTextureLabEditor.lib
Deleting outdated item: C:\Users\Administrator\Desktop\Plughins\PBRTextureLabHost\Binaries\Win64\UnrealEditor-PBRTextureLabHost.pdb
Deleting outdated item: C:\Users\Administrator\Desktop\Plughins\PBRTextureLabHost\Plugins\PBRTextureLab\Binaries\Win64\UnrealEditor-PBRTextureLabEditor.pdb
Building PBRTextureLabHostEditor...
===== Toolchain Information =====
Using ISPC compiler (C:\Program Files\Epic Games\UE_5.8\Engine\Source\ThirdParty\Intel\ISPC\bin\Windows\ispc.exe)
  Intel(r) Implicit SPMD Program Compiler (Intel(r) ISPC), 1.24.0 (build commit  @ 20250404, LLVM 18.1.2) 
Using Visual Studio 14.44.35228 toolchain (C:\Program Files\Microsoft Visual Studio\2022\Community\VC\Tools\MSVC\14.44.35207) and Windows 10.0.22621.0 SDK (C:\Program Files (x86)\Windows Kits\10).
[Adaptive Build] Excluded from PBRTextureLabEditor unity file: PBRTextureLabMaterial.cpp, PBRTextureLabMaterialTests.cpp, PBRTextureLabPixelCoreTests.cpp, PBRTextureLabTextureImportTests.cpp
=================================
Using Unreal Build Accelerator local executor to run 15 action(s)
  CPU 20 physical cores, 28 logical cores
  Memory 63.83 GB physical, 41.47 GB/83.37 GB committed
  UBA Storage capacity 40 GB
  UBA RootDir C:\ProgramData\Epic\UnrealBuildAccelerator
Cache bucket 3555462311 used. Action: Compile [x64] SharedPCH.UnrealEd.Project.ValApi.ValExpApi.Cpp20.cpp ()
Cache bucket 1405404428 used. Action: Compile [x64] PBRTextureLabHost.cpp ()
Cache bucket 416513229 used. Action: Link [x64] UnrealEditor-PBRTextureLabHost.lib ()
Cache bucket 2129408169 used. Action: Compile [x64] Module.PBRTextureLabEditor.cpp ()
Cache bucket 2611342960 used. Action: Compile Resource [x64] Default.rc2 ()
All processes queued
[1/15] Compile Resource [x64] Default.rc2
[2/15] Compile Resource [x64] Default.rc2
[3/15] Compile [x64] SharedPCH.UnrealEd.Project.ValApi.ValExpApi.Cpp20.cpp
[4/15] Compile [x64] PerModuleInline.gen.cpp
[5/15] Compile [x64] PBRTextureLabHost.cpp
[6/15] Compile [x64] PBRTextureLabPixelCoreTests.cpp
[7/15] Compile [x64] PBRTextureLabTextureImportTests.cpp
[8/15] Link [x64] UnrealEditor-PBRTextureLabHost.lib
  正在创建库 C:/Users/Administrator/Desktop/Plughins/PBRTextureLabHost/Intermediate/Build/Win64/x64/UnrealEditor/Development/PBRTextureLabHost/UnrealEditor-PBRTextureLabHost.lib 和对象 C:/Users/Administrator/Desktop/Plughins/PBRTextureLabHost/Intermediate/Build/Win64/x64/UnrealEditor/Development/PBRTextureLabHost/UnrealEditor-PBRTextureLabHost.exp
[9/15] Compile [x64] PBRTextureLabMaterialTests.cpp
[10/15] Link [x64] UnrealEditor-PBRTextureLabHost.dll
[11/15] Compile [x64] Module.PBRTextureLabEditor.cpp
[12/15] Compile [x64] PBRTextureLabMaterial.cpp
[13/15] Link [x64] UnrealEditor-PBRTextureLabEditor.lib
  正在创建库 C:/Users/Administrator/Desktop/Plughins/PBRTextureLabHost/Plugins/PBRTextureLab/Intermediate/Build/Win64/x64/UnrealEditor/Development/PBRTextureLabEditor/UnrealEditor-PBRTextureLabEditor.lib 和对象 C:/Users/Administrator/Desktop/Plughins/PBRTextureLabHost/Plugins/PBRTextureLab/Intermediate/Build/Win64/x64/UnrealEditor/Development/PBRTextureLabEditor/UnrealEditor-PBRTextureLabEditor.exp
[14/15] Link [x64] UnrealEditor-PBRTextureLabEditor.dll
[15/15] WriteMetadata PBRTextureLabHostEditor.target [NoUba]

Total time in Unreal Build Accelerator local executor: 29.45 seconds
Output binary: C:\Program Files\Epic Games\UE_5.8\Engine\Binaries\Win64\UnrealEditor.exe
UbaStorageServer - Database saved in <1ms (0 file entries, 0 cas entries. deleted 0 dropped cas files)
WriteFileIfChanged() wrote 0 changed files of 1 requested writes.

Timeline:
[  0.000]  +0.218 Main
   0.010          [  0.010]  +0.054 Apply XmlConfig
   0.067          [  0.067]  +0.067 AddTelemetry
   0.154          [  0.153]  +0.065 RegisterPlatforms
[  0.231]  +0.015 ParseCommandLine
[  0.280]  +0.000 LoadMakefile
[  0.299]  +0.015 EngineRulesPlugins
[  0.316]  +0.002 EngineRulesFetchDirs
[  0.324]  +0.006 EngineRulesAssembly
[  0.330]  +0.000 ProgramRulesAssembly
[  0.331]  +1.556 <unknown>
[  1.888]  +0.029 ProjectRulesAssembly
[  1.917]  +0.093 CreateTargetRules
[  2.047]  +0.003 CppDependencyCache
[  2.059]  +0.936 PBRTextureLabHostEditor Win64 Development
   2.059          [  0.000]  +0.412 <unknown>
   2.471          [  0.412]  +0.036 UHTModules
   2.565          [  0.505]  +0.006 UHTManifest
   2.572          [  0.512]  +0.013 UHTTimestamps
   2.761          [  0.702]  +0.000 GitWait
   2.762          [  0.702]  +0.224 <unknown>
   2.987          [  0.927]  +0.000 WaitOnWrites
[  2.996]  +0.058 SavingMakefile
   2.997          [  0.000]  +0.001 UHTWait
   3.032          [  0.036]  +0.000 CppDependencyCache
   3.033          [  0.036]  +0.047 Preparing ActionGraph
   3.046             0.050          [  0.013]  +0.004 LinkActions
   3.052             0.055          [  0.019]  +0.000 GatherPrerequisiteActions
   3.053             0.057          [  0.020]  +0.000 CppDependencyCacheWait
   3.054             0.057          [  0.021]  +0.017 GatherOutdatedActions
   3.073             0.077          [  0.040]  +0.001 LinkActions
   3.076             0.080          [  0.043]  +0.000 DeleteOutdatedProducedItems
   3.077             0.081          [  0.044]  +0.002 SaveActionHistory
   3.080             0.083          [  0.047]  +0.000 CreateDirectoriesForProducedItems
[  3.089]  +0.109 GarbageCollect
[  3.199] +29.345 <unknown>
[ 32.544]  +0.000 Deploying targets
[ 32.545]  +0.000 DisconnectCache
[ 32.548]  +0.020 SaveCasTable
[ 32.571]  +0.008 Saving caches
[ 32.579]  +0.001 TelemetryService.FlushEvents
[ 32.582]

Result: Succeeded
Total execution time: 32.58 seconds
