Using bundled DotNet SDK version: 8.0.300 win-x64
Running UnrealBuildTool: dotnet "..\..\Engine\Binaries\DotNET\UnrealBuildTool\UnrealBuildTool.dll" PBRTextureLabHostEditor Win64 Development -Project=C:\Users\Administrator\Desktop\UE-PBRUV-develop\UE-PBRUV-develop\PBRTextureLabHost\PBRTextureLabHost.uproject -WaitMutex
Log file: C:\Users\Administrator\AppData\Local\UnrealBuildTool\Log.txt
Using 'git status' to determine working set for adaptive non-unity build (C:\Users\Administrator\Desktop\UE-PBRUV-develop\UE-PBRUV-develop).
Creating makefile for PBRTextureLabHostEditor (no existing makefile)
Parsing headers for PBRTextureLabHostEditor
  Running Internal UnrealHeaderTool C:\Users\Administrator\Desktop\UE-PBRUV-develop\UE-PBRUV-develop\PBRTextureLabHost\PBRTextureLabHost.uproject C:\Users\Administrator\Desktop\UE-PBRUV-develop\UE-PBRUV-develop\PBRTextureLabHost\Intermediate\Build\Win64\PBRTextureLabHostEditor\Development\PBRTextureLabHostEditor.uhtmanifest -WarningsAsErrors -installed
Total of 6 written
Reflection code generated for PBRTextureLabHostEditor in 1.030854 seconds
Building PBRTextureLabHostEditor...
Using Visual Studio 2022 14.38.33145 toolchain (C:\Program Files\Microsoft Visual Studio\2022\Community\VC\Tools\MSVC\14.38.33130) and Windows 10.0.22621.0 SDK (C:\Program Files (x86)\Windows Kits\10).
[Adaptive Build] Excluded from PBRTextureLabEditor unity file: PBRTextureLabApiProbe.cpp, PBRTextureLabMaterial.cpp, PBRTextureLabMaterialTests.cpp, PBRTextureLabPipelineTests.cpp, PBRTextureLabUVTests.cpp, SPBRTextureLabNomad.cpp, SPBRTextureLabPreviewViewport.cpp
Determining max actions to execute in parallel (20 physical cores, 28 logical cores)
  Executing up to 20 processes, one per physical core
Using Unreal Build Accelerator local executor to run 18 action(s)
  Storage capacity 40Gb
---- Starting trace: 260827_032723 ----
UbaSessionServer - Disable remote execution (remote sessions will finish current processes)
------ Building 18 action(s) started ------
[1/18] Resource Default.rc2
[2/18] Resource Default.rc2
[3/18] Compile [x64] SharedPCH.UnrealEd.Project.ValApi.ValExpApi.Cpp20.cpp
[4/18] Compile [x64] PerModuleInline.gen.cpp
[5/18] Compile [x64] PBRTextureLabHost.cpp
[6/18] Link [x64] UnrealEditor-PBRTextureLabHost.lib
  正在创建库 C:/Users/Administrator/Desktop/UE-PBRUV-develop/UE-PBRUV-develop/PBRTextureLabHost/Intermediate/Build/Win64/x64/UnrealEditor/Development/PBRTextureLabHost/UnrealEditor-PBRTextureLabHost.lib 和对象 C:/Users/Administrator/Desktop/UE-PBRUV-develop/UE-PBRUV-develop/PBRTextureLabHost/Intermediate/Build/Win64/x64/UnrealEditor/Development/PBRTextureLabHost/UnrealEditor-PBRTextureLabHost.exp
[7/18] Compile [x64] SPBRTextureLabPreviewViewport.cpp
[8/18] Link [x64] UnrealEditor-PBRTextureLabHost.dll
[9/18] Compile [x64] PBRTextureLabApiProbe.cpp
[10/18] Compile [x64] PBRTextureLabMaterialTests.cpp
[11/18] Compile [x64] PBRTextureLabUVTests.cpp
[12/18] Compile [x64] PBRTextureLabPipelineTests.cpp
[13/18] Compile [x64] PBRTextureLabMaterial.cpp
[14/18] Compile [x64] Module.PBRTextureLabEditor.cpp
[15/18] Compile [x64] SPBRTextureLabNomad.cpp
[16/18] Link [x64] UnrealEditor-PBRTextureLabEditor.lib
  正在创建库 C:/Users/Administrator/Desktop/UE-PBRUV-develop/UE-PBRUV-develop/PBRTextureLabHost/Plugins/PBRTextureLab/Intermediate/Build/Win64/x64/UnrealEditor/Development/PBRTextureLabEditor/UnrealEditor-PBRTextureLabEditor.lib 和对象 C:/Users/Administrator/Desktop/UE-PBRUV-develop/UE-PBRUV-develop/PBRTextureLabHost/Plugins/PBRTextureLab/Intermediate/Build/Win64/x64/UnrealEditor/Development/PBRTextureLabEditor/UnrealEditor-PBRTextureLabEditor.exp
[17/18] Link [x64] UnrealEditor-PBRTextureLabEditor.dll
[18/18] WriteMetadata PBRTextureLabHostEditor.target (UBA disabled)
Trace written to file C:/Users/Administrator/AppData/Local/UnrealBuildTool/Log.uba with size 8.6kb
Total time in Unreal Build Accelerator local executor: 32.61 seconds

Result: Succeeded
Total execution time: 39.24 seconds
